  console.log
    [dotenv@17.2.3] injecting env (0) from .env -- tip: ≡ƒöä add secrets lifecycle management: https://dotenvx.com/ops

      at _log (node_modules/dotenv/lib/main.js:142:11)

{"level":50,"time":1764315355340,"pid":21120,"hostname":"MSI","err":{"type":"ZodError","message":"[\n  {\n    \"origin\": \"string\",\n    \"code\": \"too_small\",\n    \"minimum\": 10,\n    \"inclusive\": true,\n    \"path\": [\n      \"body\",\n      \"phoneNumber\"\n    ],\n    \"message\": \"Phone number must be at least 10 digits\"\n  },\n  {\n    \"origin\": \"string\",\n    \"code\": \"too_small\",\n    \"minimum\": 6,\n    \"inclusive\": true,\n    \"exact\": true,\n    \"path\": [\n      \"body\",\n      \"otp\"\n    ],\n    \"message\": \"OTP must be 6 digits\"\n  }\n]","stack":"ZodError: [\n  {\n    \"origin\": \"string\",\n    \"code\": \"too_small\",\n    \"minimum\": 10,\n    \"inclusive\": true,\n    \"path\": [\n      \"body\",\n      \"phoneNumber\"\n    ],\n    \"message\": \"Phone number must be at least 10 digits\"\n  },\n  {\n    \"origin\": \"string\",\n    \"code\": \"too_small\",\n    \"minimum\": 6,\n    \"inclusive\": true,\n    \"exact\": true,\n    \"path\": [\n      \"body\",\n      \"otp\"\n    ],\n    \"message\": \"OTP must be 6 digits\"\n  }\n]\n    at D:\\Cropfresh-dev\\repos\\services\\cropfresh-service-gateway\\src\\routes\\v1\\auth.ts:12:44\n    at Layer.handleRequest (D:\\Cropfresh-dev\\repos\\services\\cropfresh-service-gateway\\node_modules\\router\\lib\\layer.js:152:17)\n    at next (D:\\Cropfresh-dev\\repos\\services\\cropfresh-service-gateway\\node_modules\\router\\lib\\route.js:157:13)\n    at Route.dispatch (D:\\Cropfresh-dev\\repos\\services\\cropfresh-service-gateway\\node_modules\\router\\lib\\route.js:117:3)\n    at handle (D:\\Cropfresh-dev\\repos\\services\\cropfresh-service-gateway\\node_modules\\router\\index.js:435:11)\n    at Layer.handleRequest (D:\\Cropfresh-dev\\repos\\services\\cropfresh-service-gateway\\node_modules\\router\\lib\\layer.js:152:17)\n    at D:\\Cropfresh-dev\\repos\\services\\cropfresh-service-gateway\\node_modules\\router\\index.js:295:15\n    at processParams (D:\\Cropfresh-dev\\repos\\services\\cropfresh-service-gateway\\node_modules\\router\\index.js:582:12)\n    at next (D:\\Cropfresh-dev\\repos\\services\\cropfresh-service-gateway\\node_modules\\router\\index.js:291:5)\n    at router.handle (D:\\Cropfresh-dev\\repos\\services\\cropfresh-service-gateway\\node_modules\\router\\index.js:186:3)\n    at router (D:\\Cropfresh-dev\\repos\\services\\cropfresh-service-gateway\\node_modules\\router\\index.js:60:12)\n    at Layer.handleRequest (D:\\Cropfresh-dev\\repos\\services\\cropfresh-service-gateway\\node_modules\\router\\lib\\layer.js:152:17)\n    at trimPrefix (D:\\Cropfresh-dev\\repos\\services\\cropfresh-service-gateway\\node_modules\\router\\index.js:342:13)\n    at D:\\Cropfresh-dev\\repos\\services\\cropfresh-service-gateway\\node_modules\\router\\index.js:297:9\n    at processParams (D:\\Cropfresh-dev\\repos\\services\\cropfresh-service-gateway\\node_modules\\router\\index.js:582:12)\n    at next (D:\\Cropfresh-dev\\repos\\services\\cropfresh-service-gateway\\node_modules\\router\\index.js:291:5)\n    at router.handle (D:\\Cropfresh-dev\\repos\\services\\cropfresh-service-gateway\\node_modules\\router\\index.js:186:3)\n    at router (D:\\Cropfresh-dev\\repos\\services\\cropfresh-service-gateway\\node_modules\\router\\index.js:60:12)\n    at Layer.handleRequest (D:\\Cropfresh-dev\\repos\\services\\cropfresh-service-gateway\\node_modules\\router\\lib\\layer.js:152:17)\n    at trimPrefix (D:\\Cropfresh-dev\\repos\\services\\cropfresh-service-gateway\\node_modules\\router\\index.js:342:13)\n    at D:\\Cropfresh-dev\\repos\\services\\cropfresh-service-gateway\\node_modules\\router\\index.js:297:9\n    at processParams (D:\\Cropfresh-dev\\repos\\services\\cropfresh-service-gateway\\node_modules\\router\\index.js:582:12)\n    at next (D:\\Cropfresh-dev\\repos\\services\\cropfresh-service-gateway\\node_modules\\router\\index.js:291:5)\n    at loggingMiddleware (D:\\Cropfresh-dev\\repos\\services\\cropfresh-service-gateway\\node_modules\\pino-http\\logger.js:206:7)\n    at result (D:\\Cropfresh-dev\\repos\\services\\cropfresh-service-gateway\\node_modules\\pino-http\\logger.js:90:12)\n    at Layer.handleRequest (D:\\Cropfresh-dev\\repos\\services\\cropfresh-service-gateway\\node_modules\\router\\lib\\layer.js:152:17)\n    at trimPrefix (D:\\Cropfresh-dev\\repos\\services\\cropfresh-service-gateway\\node_modules\\router\\index.js:342:13)\n    at D:\\Cropfresh-dev\\repos\\services\\cropfresh-service-gateway\\node_modules\\router\\index.js:297:9\n    at processParams (D:\\Cropfresh-dev\\repos\\services\\cropfresh-service-gateway\\node_modules\\router\\index.js:582:12)\n    at next (D:\\Cropfresh-dev\\repos\\services\\cropfresh-service-gateway\\node_modules\\router\\index.js:291:5)\n    at D:\\Cropfresh-dev\\repos\\services\\cropfresh-service-gateway\\node_modules\\body-parser\\lib\\read.js:172:5\n    at AsyncResource.runInAsyncScope (node:async_hooks:214:14)\n    at invokeCallback (D:\\Cropfresh-dev\\repos\\services\\cropfresh-service-gateway\\node_modules\\raw-body\\index.js:238:16)\n    at done (D:\\Cropfresh-dev\\repos\\services\\cropfresh-service-gateway\\node_modules\\raw-body\\index.js:227:7)\n    at IncomingMessage.onEnd (D:\\Cropfresh-dev\\repos\\services\\cropfresh-service-gateway\\node_modules\\raw-body\\index.js:287:7)\n    at IncomingMessage.emit (node:events:508:28)\n    at endReadableNT (node:internal/streams/readable:1701:12)\n    at processTicksAndRejections (node:internal/process/task_queues:89:21)","name":"ZodError"},"trace_id":"83b59284-7c67-4503-a34b-b7237ea0e8d3","msg":"Request failed"}
node.exe : FAIL test/integration/gateway.test.ts
At line:1 char:1
+ & "C:\Program Files\nodejs/node.exe" "C:\Program Files\nodejs/node_mo ...
+ ~~~~~~~~~~~~~~~~~~~~~~~~~~~~~~~~~~~~~~~~~~~~~~~~~~~~~~~~~~~~~~~~~~~~~
    + CategoryInfo          : NotSpecified: (FAIL test/integration/gateway.test.ts:String) [ 
   ], RemoteException
    + FullyQualifiedErrorId : NativeCommandError
 
  Gateway Integration Tests
    GET /health
      ├ù should return 200 OK (34 ms)
    POST /v1/auth/login
      ├ù should return 200 on success (21 ms)
      ├ù should return 400 on validation error (12 ms)

  ΓùÅ Gateway Integration Tests ΓÇ║ GET /health ΓÇ║ should return 200 OK

    TypeError: logger[stringifySym] is not a function

      at onResFinished (node_modules/pino-http/logger.js:107:56)
      at ServerResponse.onResponseComplete (node_modules/pino-http/logger.js:178:14)

  ΓùÅ Gateway Integration Tests ΓÇ║ POST /v1/auth/login ΓÇ║ should return 200 on success

    TypeError: logger[stringifySym] is not a function

      at onResFinished (node_modules/pino-http/logger.js:107:56)
      at ServerResponse.onResponseComplete (node_modules/pino-http/logger.js:178:14)

  ΓùÅ Gateway Integration Tests ΓÇ║ POST /v1/auth/login ΓÇ║ should return 400 on validation 
error

    TypeError: logger[stringifySym] is not a function

      at onResFinished (node_modules/pino-http/logger.js:107:56)
      at ServerResponse.onResponseComplete (node_modules/pino-http/logger.js:178:14)

Test Suites: 1 failed, 1 total
Tests:       3 failed, 3 total
Snapshots:   0 total
Time:        3.005 s, estimated 4 s
Ran all test suites.
